  [76/115] System.IO.FileSystem.DriveInfo.dll -> System.IO.FileSystem.DriveInfo.dll.so
  [77/115] System.IO.Pipelines.dll -> System.IO.Pipelines.dll.so
  [78/115] System.Memory.dll -> System.Memory.dll.so
  [79/115] System.Net.Http.Json.dll -> System.Net.Http.Json.dll.so
  [80/115] System.Linq.Expressions.dll -> System.Linq.Expressions.dll.so
  [81/115] System.Linq.dll -> System.Linq.dll.so
  [82/115] System.Net.NameResolution.dll -> System.Net.NameResolution.dll.so
  [83/115] System.Net.NetworkInformation.dll -> System.Net.NetworkInformation.dll.so
  [84/115] System.Net.Http.dll -> System.Net.Http.dll.so
  [85/115] System.Net.Primitives.dll -> System.Net.Primitives.dll.so
  [86/115] System.Net.Requests.dll -> System.Net.Requests.dll.so
  [87/115] System.Net.Sockets.dll -> System.Net.Sockets.dll.so
  [88/115] System.Numerics.Vectors.dll -> System.Numerics.Vectors.dll.so
  [89/115] System.Net.Security.dll -> System.Net.Security.dll.so
  [90/115] System.ObjectModel.dll -> System.ObjectModel.dll.so
  [91/115] System.Private.Xml.Linq.dll -> System.Private.Xml.Linq.dll.so
  [92/115] System.Private.Uri.dll -> System.Private.Uri.dll.so
  [93/115] System.Runtime.InteropServices.dll -> System.Runtime.InteropServices.dll.so
  [94/115] System.Private.Xml.dll -> System.Private.Xml.dll.so
  [95/115] System.Runtime.Loader.dll -> System.Runtime.Loader.dll.so
  [96/115] System.Runtime.dll -> System.Runtime.dll.so
  [97/115] System.Runtime.Numerics.dll -> System.Runtime.Numerics.dll.so
  [98/115] System.Security.Cryptography.dll -> System.Security.Cryptography.dll.so
  [99/115] System.Text.Encoding.Extensions.dll -> System.Text.Encoding.Extensions.dll.so
  [100/115] System.Text.Encodings.Web.dll -> System.Text.Encodings.Web.dll.so
  [101/115] System.Threading.Channels.dll -> System.Threading.Channels.dll.so
  [102/115] System.Threading.Tasks.Parallel.dll -> System.Threading.Tasks.Parallel.dll.so
  [103/115] System.Text.RegularExpressions.dll -> System.Text.RegularExpressions.dll.so
  [104/115] System.Threading.Thread.dll -> System.Threading.Thread.dll.so
  [105/115] System.Xml.Linq.dll -> System.Xml.Linq.dll.so
  [106/115] System.Threading.dll -> System.Threading.dll.so
  [107/115] System.Xml.ReaderWriter.dll -> System.Xml.ReaderWriter.dll.so
  [108/115] System.Xml.XDocument.dll -> System.Xml.XDocument.dll.so
  [109/115] System.dll -> System.dll.so
  [110/115] System.Text.Json.dll -> System.Text.Json.dll.so
  [111/115] Mono.Android.Runtime.dll -> Mono.Android.Runtime.dll.so
  [112/115] Java.Interop.dll -> Java.Interop.dll.so
  [113/115] Mono.Android.dll -> Mono.Android.dll.so
  [114/115] PKForge.App.dll -> PKForge.App.dll.so
  [115/115] System.Private.CoreLib.dll -> System.Private.CoreLib.dll.so
